DeconstructionPatternErrors.java:35:37: compiler.err.illegal.start.of.type
DeconstructionPatternErrors.java:37:28: compiler.err.illegal.start.of.type
DeconstructionPatternErrors.java:39:42: compiler.err.expected: ';'
DeconstructionPatternErrors.java:39:43: compiler.err.not.stmt
DeconstructionPatternErrors.java:15:26: compiler.err.cant.apply.deconstruction.pattern: DeconstructionPatternErrors.P3
DeconstructionPatternErrors.java:16:29: compiler.err.instanceof.reifiable.not.safe: java.lang.Object, java.util.ArrayList<java.lang.Integer>
DeconstructionPatternErrors.java:17:26: compiler.err.cant.apply.deconstruction.pattern: DeconstructionPatternErrors.P5
DeconstructionPatternErrors.java:18:26: compiler.err.cant.apply.deconstruction.pattern: DeconstructionPatternErrors.P
DeconstructionPatternErrors.java:19:26: compiler.err.cant.apply.deconstruction.pattern: DeconstructionPatternErrors.P5
DeconstructionPatternErrors.java:20:26: compiler.err.cant.apply.deconstruction.pattern: DeconstructionPatternErrors.P2
DeconstructionPatternErrors.java:21:26: compiler.err.cant.apply.deconstruction.pattern: DeconstructionPatternErrors.P2
DeconstructionPatternErrors.java:22:26: compiler.err.cant.apply.deconstruction.pattern: DeconstructionPatternErrors.P
DeconstructionPatternErrors.java:23:26: compiler.err.cant.apply.deconstruction.pattern: DeconstructionPatternErrors.P
DeconstructionPatternErrors.java:24:26: compiler.err.cant.apply.deconstruction.pattern: DeconstructionPatternErrors.P
DeconstructionPatternErrors.java:24:36: compiler.err.cant.resolve.location: kindname.class, Unresolvable, , , (compiler.misc.location: kindname.class, DeconstructionPatternErrors, null)
DeconstructionPatternErrors.java:25:13: compiler.err.instanceof.reifiable.not.safe: java.lang.Object, DeconstructionPatternErrors.GenRecord<java.lang.String>
DeconstructionPatternErrors.java:26:29: compiler.err.instanceof.reifiable.not.safe: java.lang.Object, DeconstructionPatternErrors.GenRecord<java.lang.String>
DeconstructionPatternErrors.java:27:44: compiler.err.prob.found.req: (compiler.misc.inconvertible.types: java.lang.String, java.lang.Integer)
DeconstructionPatternErrors.java:27:13: compiler.err.instanceof.reifiable.not.safe: java.lang.Object, DeconstructionPatternErrors.GenRecord<java.lang.String>
DeconstructionPatternErrors.java:28:40: compiler.err.match.binding.exists
DeconstructionPatternErrors.java:29:56: compiler.err.already.defined: kindname.variable, v1, kindname.method, meth()
DeconstructionPatternErrors.java:29:64: compiler.err.already.defined: kindname.variable, v2, kindname.method, meth()
22 errors