NoModifiersOnBinding.java:10:38: compiler.err.expected: token.identifier
NoModifiersOnBinding.java:16:33: compiler.err.mod.not.allowed.here: static
2 errors
