InnerNamedConstant_2.java:25:13: compiler.err.cant.assign.val.to.final.var: z
1 error