UnderscoreInLambdaTest.java:15:36: compiler.err.underscore.not.allowed
1 error
