UnderscoreInCatchClauseTest.java:13:19: compiler.err.underscore.not.allowed
1 error
