NoDiamondAllowedTest.java:9:7: compiler.err.illegal.start.of.type
1 error
