FauxSpecialEnum2.java:12:5: compiler.err.does.not.override.abstract: GAMMA, test(), GAMMA
1 error
