FauxSpecialEnum1.java:14:5: compiler.err.does.not.override.abstract: ULTRAVIOLET, test(), ULTRAVIOLET
1 error
